// Jest Snapshot v1, https://goo.gl/fbAQLP

exports[`ReactInspect component should render properly 1`] = `
<ReactInspectLayout>
  <ReactInspectDataHandler
    data={
      Object {
        "arr": Array [
          undefined,
          null,
          666,
          "cawabongaaa!",
          [Function],
        ],
        "fun": [Function],
        "nil": null,
        "num": 666,
        "obj": Object {
          "arr": Array [
            undefined,
            null,
            666,
            "cawabongaaa!",
            [Function],
          ],
          "fun": [Function],
          "nil": null,
          "num": 666,
          "str": "cawabongaaa!",
          "und": undefined,
        },
        "str": "cawabongaaa!",
        "und": undefined,
      }
    }
    outer={true}
  />
</ReactInspectLayout>
`;
